// Jest Snapshot v1, https://goo.gl/fbAQLP

exports[`<Card /> should render 1`] = `
<div>
  <section
    class="card test"
  >
    Content
  </section>
</div>
`;
